((fn_in
  (Coq_cons (Coq_pair Coq_xH Coq_uintptr_t)
   (Coq_cons (Coq_pair (Coq_xO Coq_xH) Coq_uintptr_t) Coq_nil)))
 (fn_body
  (Coq_cons (AllocOp
    (IOArg (Coq_xO Coq_xH))
    (ValArg (Coq_imm_ptr (Zpos (Coq_xO (Coq_xO (Coq_xO (Coq_xO (Coq_xO (Coq_xO (Coq_xO (Coq_xO (Coq_xO (Coq_xO (Coq_xO (Coq_xO (Coq_xI (Coq_xI Coq_xH)))))))))))))))))
    (ValArg (Coq_imm_u32 (Zpos (Coq_xO (Coq_xO (Coq_xO (Coq_xO (Coq_xO (Coq_xO (Coq_xO (Coq_xO (Coq_xO Coq_xH)))))))))))))
  (Coq_cons (Binary AddOp
    (TmpArg Coq_xH)
    (ValArg (Coq_imm_u8 Z0))
    (ValArg (Coq_imm_u8 Z0)))
  (Coq_cons (Binary AddOp
    (TmpArg (Coq_xO Coq_xH))
    (ValArg (Coq_imm_u8 Z0))
    (ValArg (Coq_imm_u8 Z0)))
  (Coq_cons (Binary AddOp
    (TmpArg (Coq_xI Coq_xH))
    (ValArg (Coq_imm_u8 Z0))
    (ValArg (Coq_imm_u8 Z0)))
  (Coq_cons (Binary AddOp
    (TmpArg (Coq_xO (Coq_xO Coq_xH)))
    (ValArg (Coq_imm_u8 Z0))
    (ValArg (Coq_imm_u8 Z0)))
  (Coq_cons (Binary AddOp
    (TmpArg (Coq_xI (Coq_xO Coq_xH)))
    (ValArg (Coq_imm_u8 Z0))
    (ValArg (Coq_imm_u8 Z0)))
  (Coq_cons (Binary AddOp
    (TmpArg (Coq_xO (Coq_xI Coq_xH)))
    (ValArg (Coq_imm_u8 Z0))
    (ValArg (Coq_imm_u8 Z0)))
  (Coq_cons (Binary AddOp
    (TmpArg (Coq_xI (Coq_xI Coq_xH)))
    (ValArg (Coq_imm_u8 Z0))
    (ValArg (Coq_imm_u8 Z0)))
  (Coq_cons (Binary AddOp
    (TmpArg (Coq_xO (Coq_xO (Coq_xO Coq_xH))))
    (ValArg (Coq_imm_u8 Z0))
    (ValArg (Coq_imm_u8 Z0)))
  Coq_nil))))))))))
 (fn_out_vars Coq_nil)
 (fn_out_iaddrs Coq_nil)
 (fn_out_vaddrs (Coq_cons (Coq_pair Coq_xH Z0) Coq_nil)))
